{
  "id": "123",
  "name": "Hello World",
  "port": "3000",
  "routes": [
    {
      "request": "GET /hello/world",
      "description": "",
      "responses": [
        {
          "status": 200,
          "headers": {
            "Content-Type": "application/json"
          },
          "body": "{\"name\": \"John Doe\"}",
          "rule_aggregation": "and",
          "rules": [
            {
              "target": "",
              "value": "",
              "operator": ""
            }
          ]
        }
      ]
    },
    {
      "request": "GET /greeting/world",
      "description": "",
      "responses": [
        {
          "status": 200,
          "delay": 3000,
          "headers": {
            "Content-Type": "application/json"
          },
          "body": "{\"name\": \"Hi John Doe\"}",
          "rule_aggregation": "and",
          "rules": [
            {
              "target": "",
              "value": "",
              "operator": ""
            }
          ]
        }
      ]
    },
    {
      "request": "GET /hello/*",
      "description": "",
      "responses": [
        {
          "status": 200,
          "headers": {
            "Content-Type": "application/json"
          },
          "body": "{\"name\": \"John Doe\"}"
        }
      ]
    },
    {
      "request": "POST /hello/world",
      "description": "",
      "responses": [
        {
          "status": 201
        }
      ]
    }
  ]
}